Loading weights:   0%|          | 0/290 [00:00<?, ?it/s]Loading weights:   0%|          | 1/290 [00:02<13:34,  2.82s/it]Loading weights:  49%|████▉     | 143/290 [00:02<00:02, 67.62it/s]Loading weights:  70%|███████   | 204/290 [00:03<00:01, 71.16it/s]Loading weights:  83%|████████▎ | 241/290 [00:04<00:00, 75.22it/s]Loading weights:  92%|█████████▏| 267/290 [00:04<00:00, 74.91it/s]Loading weights:  99%|█████████▉| 287/290 [00:04<00:00, 80.49it/s]Loading weights: 100%|██████████| 290/290 [00:04<00:00, 62.18it/s]
NVIDIA GeForce GTX 1660 SUPER: replaying 100 generations of lrtA
  after generation 0 (ledger_child): MATCH   last update 12.47 s
  after generation 1 (ledger_child): MATCH   last update 12.22 s
  after generation 2 (ledger_child): MATCH   last update 12.21 s
  after generation 3 (ledger_child): MATCH   last update 12.19 s
  after generation 4 (checkpoint): MATCH   last update 12.20 s
  after generation 4 (ledger_child): MATCH   last update 12.20 s
  after generation 5 (ledger_child): MATCH   last update 12.24 s
  after generation 6 (ledger_child): MATCH   last update 12.20 s
  after generation 7 (ledger_child): MATCH   last update 12.26 s
  after generation 8 (ledger_child): MATCH   last update 12.19 s
  after generation 9 (checkpoint): MATCH   last update 12.22 s
  after generation 9 (ledger_child): MATCH   last update 12.22 s
  after generation 10 (ledger_child): MATCH   last update 12.19 s
  after generation 11 (ledger_child): MATCH   last update 12.20 s
  after generation 12 (ledger_child): MATCH   last update 12.21 s
  after generation 13 (ledger_child): MATCH   last update 12.24 s
  after generation 14 (checkpoint): MATCH   last update 12.24 s
  after generation 14 (ledger_child): MATCH   last update 12.24 s
  after generation 15 (ledger_child): MATCH   last update 12.21 s
  after generation 16 (ledger_child): MATCH   last update 12.20 s
  after generation 17 (ledger_child): MATCH   last update 12.40 s
  after generation 18 (ledger_child): MATCH   last update 12.64 s
  after generation 19 (checkpoint): MATCH   last update 12.81 s
  after generation 19 (ledger_child): MATCH   last update 12.81 s
  after generation 20 (ledger_child): MATCH   last update 12.90 s
  after generation 21 (ledger_child): MATCH   last update 13.14 s
  after generation 22 (ledger_child): MATCH   last update 12.59 s
  after generation 23 (ledger_child): MATCH   last update 13.14 s
  after generation 24 (checkpoint): MATCH   last update 12.71 s
  after generation 24 (ledger_child): MATCH   last update 12.71 s
  after generation 25 (ledger_child): MATCH   last update 12.49 s
  after generation 26 (ledger_child): MATCH   last update 12.20 s
  after generation 27 (ledger_child): MATCH   last update 12.25 s
  after generation 28 (ledger_child): MATCH   last update 12.20 s
  after generation 29 (checkpoint): MATCH   last update 12.22 s
  after generation 29 (ledger_child): MATCH   last update 12.22 s
  after generation 30 (ledger_child): MATCH   last update 12.18 s
  after generation 31 (ledger_child): MATCH   last update 12.18 s
  after generation 32 (ledger_child): MATCH   last update 12.21 s
  after generation 33 (ledger_child): MATCH   last update 12.16 s
  after generation 34 (checkpoint): MATCH   last update 12.22 s
  after generation 34 (ledger_child): MATCH   last update 12.22 s
  after generation 35 (ledger_child): MATCH   last update 12.25 s
  after generation 36 (ledger_child): MATCH   last update 12.21 s
  after generation 37 (ledger_child): MATCH   last update 12.20 s
  after generation 38 (ledger_child): MATCH   last update 12.21 s
  after generation 39 (checkpoint): MATCH   last update 12.23 s
  after generation 39 (ledger_child): MATCH   last update 12.23 s
  after generation 40 (ledger_child): MATCH   last update 12.22 s
  after generation 41 (ledger_child): MATCH   last update 12.20 s
  after generation 42 (ledger_child): MATCH   last update 12.22 s
  after generation 43 (ledger_child): MATCH   last update 12.25 s
  after generation 44 (checkpoint): MATCH   last update 12.30 s
  after generation 44 (ledger_child): MATCH   last update 12.30 s
  after generation 45 (ledger_child): MATCH   last update 12.29 s
  after generation 46 (ledger_child): MATCH   last update 12.33 s
  after generation 47 (ledger_child): MATCH   last update 12.27 s
  after generation 48 (ledger_child): MATCH   last update 12.29 s
  after generation 49 (checkpoint): MATCH   last update 12.28 s
  after generation 49 (ledger_child): MATCH   last update 12.28 s
  after generation 50 (ledger_child): MATCH   last update 12.28 s
  after generation 51 (ledger_child): MATCH   last update 12.28 s
  after generation 52 (ledger_child): MATCH   last update 12.31 s
  after generation 53 (ledger_child): MATCH   last update 12.27 s
  after generation 54 (checkpoint): MATCH   last update 12.29 s
  after generation 54 (ledger_child): MATCH   last update 12.29 s
  after generation 55 (ledger_child): MATCH   last update 12.30 s
  after generation 56 (ledger_child): MATCH   last update 12.30 s
  after generation 57 (ledger_child): MATCH   last update 12.30 s
  after generation 58 (ledger_child): MATCH   last update 12.31 s
  after generation 59 (checkpoint): MATCH   last update 12.32 s
  after generation 59 (ledger_child): MATCH   last update 12.32 s
  after generation 60 (ledger_child): MATCH   last update 12.33 s
  after generation 61 (ledger_child): MATCH   last update 12.30 s
  after generation 62 (ledger_child): MATCH   last update 12.27 s
  after generation 63 (ledger_child): MATCH   last update 12.28 s
  after generation 64 (checkpoint): MATCH   last update 12.30 s
  after generation 64 (ledger_child): MATCH   last update 12.30 s
  after generation 65 (ledger_child): MATCH   last update 12.29 s
  after generation 66 (ledger_child): MATCH   last update 12.31 s
  after generation 67 (ledger_child): MATCH   last update 12.28 s
  after generation 68 (ledger_child): MATCH   last update 12.31 s
  after generation 69 (checkpoint): MATCH   last update 12.30 s
  after generation 69 (ledger_child): MATCH   last update 12.30 s
  after generation 70 (ledger_child): MATCH   last update 12.28 s
  after generation 71 (ledger_child): MATCH   last update 12.31 s
  after generation 72 (ledger_child): MATCH   last update 12.30 s
  after generation 73 (ledger_child): MATCH   last update 12.30 s
  after generation 74 (checkpoint): MATCH   last update 12.30 s
  after generation 74 (ledger_child): MATCH   last update 12.30 s
  after generation 75 (ledger_child): MATCH   last update 12.27 s
  after generation 76 (ledger_child): MATCH   last update 12.29 s
  after generation 77 (ledger_child): MATCH   last update 12.28 s
  after generation 78 (ledger_child): MATCH   last update 12.27 s
  after generation 79 (checkpoint): MATCH   last update 12.30 s
  after generation 79 (ledger_child): MATCH   last update 12.30 s
  after generation 80 (ledger_child): MATCH   last update 12.25 s
  after generation 81 (ledger_child): MATCH   last update 12.27 s
  after generation 82 (ledger_child): MATCH   last update 12.28 s
  after generation 83 (ledger_child): MATCH   last update 12.24 s
  after generation 84 (checkpoint): MATCH   last update 12.29 s
  after generation 84 (ledger_child): MATCH   last update 12.29 s
  after generation 85 (ledger_child): MATCH   last update 12.23 s
  after generation 86 (ledger_child): MATCH   last update 12.24 s
  after generation 87 (ledger_child): MATCH   last update 12.23 s
  after generation 88 (ledger_child): MATCH   last update 12.29 s
  after generation 89 (checkpoint): MATCH   last update 12.26 s
  after generation 89 (ledger_child): MATCH   last update 12.26 s
  after generation 90 (ledger_child): MATCH   last update 12.27 s
  after generation 91 (ledger_child): MATCH   last update 12.25 s
  after generation 92 (ledger_child): MATCH   last update 12.25 s
  after generation 93 (ledger_child): MATCH   last update 12.26 s
  after generation 94 (checkpoint): MATCH   last update 12.26 s
  after generation 94 (ledger_child): MATCH   last update 12.26 s
  after generation 95 (ledger_child): MATCH   last update 12.26 s
  after generation 96 (ledger_child): MATCH   last update 12.26 s
  after generation 97 (ledger_child): MATCH   last update 12.24 s
  after generation 98 (ledger_child): MATCH   last update 12.27 s
  after generation 99 (checkpoint): MATCH   last update 12.29 s
  after generation 99 (ledger_child): MATCH   last update 12.29 s
done: 100 updates, median 12.27 s, all hashes match: True
