Loading weights:   0%|          | 0/290 [00:00<?, ?it/s]Loading weights: 100%|██████████| 290/290 [00:00<00:00, 7135.05it/s]
[04:04:57] checkpoint 0: train=19/64 H3=42/128 H1=77/128 H2=116/128
[04:08:57] g0: parent 19 plus 11 minus 38 diff -0.422
[04:09:21] g1: parent 11 plus 42 minus 24 diff +0.281
[04:09:52] g2: parent 42 plus 50 minus 33 diff +0.266
[04:10:21] g3: parent 50 plus 50 minus 45 diff +0.078
[04:11:54] g4: parent 50 plus 52 minus 52 diff +0.000
[04:11:54] replay 0->5: MATCH
[04:13:22] checkpoint 5: train=52/64 H3=95/128 H1=89/128 H2=119/128
[04:13:51] g5: parent 52 plus 52 minus 52 diff +0.000
[04:14:21] g6: parent 52 plus 52 minus 48 diff +0.062
[04:14:41] g7: parent 52 plus 52 minus 53 diff -0.016
[04:15:11] g8: parent 52 plus 54 minus 53 diff +0.016
[04:16:47] g9: parent 54 plus 54 minus 57 diff -0.047
[04:16:48] replay 5->10: MATCH
[04:18:01] checkpoint 10: train=54/64 H3=99/128 H1=88/128 H2=121/128
[04:22:07] g10: parent 54 plus 56 minus 55 diff +0.016
[04:22:35] g11: parent 56 plus 56 minus 55 diff +0.016
[04:22:57] g12: parent 56 plus 57 minus 54 diff +0.047
[04:23:27] g13: parent 57 plus 56 minus 55 diff +0.016
[04:25:00] g14: parent 56 plus 57 minus 57 diff +0.000
[04:25:01] replay 10->15: MATCH
[04:26:12] checkpoint 15: train=57/64 H3=101/128 H1=86/128 H2=121/128
[04:26:41] g15: parent 57 plus 59 minus 52 diff +0.109
[04:27:12] g16: parent 59 plus 58 minus 55 diff +0.047
[04:27:42] g17: parent 58 plus 60 minus 56 diff +0.062
[04:28:12] g18: parent 60 plus 57 minus 59 diff -0.031
[04:29:43] g19: parent 57 plus 59 minus 57 diff +0.031
[04:29:43] replay 15->20: MATCH
[04:31:06] checkpoint 20: train=59/64 H3=108/128 H1=85/128 H2=118/128
[04:35:06] g20: parent 59 plus 61 minus 56 diff +0.078
[04:35:34] g21: parent 61 plus 58 minus 57 diff +0.016
[04:36:02] g22: parent 58 plus 59 minus 56 diff +0.047
[04:36:31] g23: parent 59 plus 56 minus 59 diff -0.047
[04:37:55] g24: parent 56 plus 58 minus 56 diff +0.031
[04:37:55] replay 20->25: MATCH
[04:39:07] checkpoint 25: train=58/64 H3=92/128 H1=69/128 H2=120/128
[04:39:33] g25: parent 58 plus 56 minus 59 diff -0.047
[04:39:51] g26: parent 56 plus 59 minus 58 diff +0.016
[04:40:14] g27: parent 59 plus 59 minus 56 diff +0.047
[04:40:41] g28: parent 59 plus 57 minus 57 diff +0.000
[04:42:03] g29: parent 57 plus 57 minus 58 diff -0.016
[04:42:03] replay 25->30: MATCH
[04:43:05] checkpoint 30: train=57/64 H3=96/128 H1=70/128 H2=120/128
[04:46:40] g30: parent 57 plus 58 minus 55 diff +0.047
[04:47:03] g31: parent 58 plus 57 minus 57 diff +0.000
[04:47:27] g32: parent 57 plus 57 minus 58 diff -0.016
[04:47:51] g33: parent 57 plus 55 minus 57 diff -0.031
[04:49:12] g34: parent 55 plus 54 minus 54 diff +0.000
[04:49:12] replay 30->35: MATCH
[04:50:23] checkpoint 35: train=54/64 H3=96/128 H1=75/128 H2=114/128
[04:50:48] g35: parent 54 plus 55 minus 54 diff +0.016
[04:51:05] g36: parent 55 plus 55 minus 55 diff +0.000
[04:51:29] g37: parent 55 plus 58 minus 57 diff +0.016
[04:51:54] g38: parent 58 plus 60 minus 57 diff +0.047
[04:53:14] g39: parent 60 plus 59 minus 58 diff +0.016
[04:53:15] replay 35->40: MATCH
[04:54:14] checkpoint 40: train=59/64 H3=98/128 H1=82/128 H2=112/128
[04:57:33] g40: parent 59 plus 58 minus 58 diff +0.000
[04:57:59] g41: parent 58 plus 59 minus 56 diff +0.047
[04:58:24] g42: parent 59 plus 59 minus 58 diff +0.016
[04:58:48] g43: parent 59 plus 56 minus 60 diff -0.062
[04:59:55] g44: parent 56 plus 57 minus 60 diff -0.047
[04:59:56] replay 40->45: MATCH
[05:00:51] checkpoint 45: train=57/64 H3=98/128 H1=75/128 H2=112/128
[05:01:16] g45: parent 57 plus 58 minus 56 diff +0.031
[05:01:43] g46: parent 58 plus 59 minus 58 diff +0.016
[05:02:00] g47: parent 59 plus 59 minus 59 diff +0.000
[05:02:21] g48: parent 59 plus 58 minus 58 diff +0.000
[05:03:29] g49: parent 58 plus 56 minus 57 diff -0.016
[05:03:29] replay 45->50: MATCH
[05:04:25] checkpoint 50: train=56/64 H3=101/128 H1=98/128 H2=114/128
[05:07:20] g50: parent 56 plus 57 minus 58 diff -0.016
[05:07:43] g51: parent 57 plus 58 minus 58 diff +0.000
[05:08:05] g52: parent 58 plus 61 minus 55 diff +0.094
[05:08:27] g53: parent 61 plus 59 minus 60 diff -0.016
[05:09:32] g54: parent 59 plus 59 minus 59 diff +0.000
[05:09:32] replay 50->55: MATCH
[05:10:19] checkpoint 55: train=59/64 H3=95/128 H1=95/128 H2=109/128
[05:10:42] g55: parent 59 plus 61 minus 57 diff +0.062
[05:11:06] g56: parent 61 plus 60 minus 61 diff -0.016
[05:11:27] g57: parent 60 plus 60 minus 61 diff -0.016
[05:11:49] g58: parent 60 plus 60 minus 60 diff +0.000
[05:13:00] g59: parent 60 plus 60 minus 59 diff +0.016
[05:13:00] replay 55->60: MATCH
[05:14:04] checkpoint 60: train=60/64 H3=96/128 H1=90/128 H2=115/128
[05:17:28] g60: parent 60 plus 60 minus 60 diff +0.000
[05:17:52] g61: parent 60 plus 59 minus 60 diff -0.016
[05:18:10] g62: parent 59 plus 60 minus 60 diff +0.000
[05:18:33] g63: parent 60 plus 60 minus 62 diff -0.031
[05:19:58] g64: parent 60 plus 60 minus 60 diff +0.000
[05:19:58] replay 60->65: MATCH
[05:21:07] checkpoint 65: train=60/64 H3=95/128 H1=88/128 H2=107/128
[05:21:30] g65: parent 60 plus 59 minus 59 diff +0.000
[05:21:53] g66: parent 59 plus 59 minus 59 diff +0.000
[05:22:16] g67: parent 59 plus 60 minus 59 diff +0.016
[05:22:43] g68: parent 60 plus 60 minus 58 diff +0.031
[05:23:53] g69: parent 60 plus 61 minus 60 diff +0.016
[05:23:53] replay 65->70: MATCH
[05:25:03] checkpoint 70: train=61/64 H3=97/128 H1=85/128 H2=100/128
[05:28:25] g70: parent 61 plus 61 minus 60 diff +0.016
[05:28:49] g71: parent 61 plus 60 minus 60 diff +0.000
[05:29:08] g72: parent 60 plus 60 minus 61 diff -0.016
[05:29:31] g73: parent 60 plus 60 minus 60 diff +0.000
[05:30:56] g74: parent 60 plus 61 minus 60 diff +0.016
[05:30:57] replay 70->75: MATCH
[05:32:06] checkpoint 75: train=61/64 H3=95/128 H1=97/128 H2=101/128
[05:32:29] g75: parent 61 plus 61 minus 60 diff +0.016
[05:32:52] g76: parent 61 plus 61 minus 61 diff +0.000
[05:33:14] g77: parent 61 plus 60 minus 61 diff -0.016
[05:33:36] g78: parent 60 plus 60 minus 60 diff +0.000
[05:34:29] g79: parent 60 plus 60 minus 60 diff +0.000
[05:34:30] replay 75->80: MATCH
[05:35:20] checkpoint 80: train=60/64 H3=92/128 H1=104/128 H2=96/128
[05:37:53] g80: parent 60 plus 61 minus 59 diff +0.031
[05:38:17] g81: parent 61 plus 60 minus 58 diff +0.031
[05:38:37] g82: parent 60 plus 59 minus 60 diff -0.016
[05:39:02] g83: parent 59 plus 60 minus 59 diff +0.016
[05:40:04] g84: parent 60 plus 60 minus 59 diff +0.016
[05:40:04] replay 80->85: MATCH
[05:41:03] checkpoint 85: train=60/64 H3=93/128 H1=91/128 H2=94/128
[05:41:25] g85: parent 60 plus 61 minus 60 diff +0.016
[05:41:46] g86: parent 61 plus 60 minus 60 diff +0.000
[05:42:06] g87: parent 60 plus 61 minus 60 diff +0.016
[05:42:21] g88: parent 61 plus 61 minus 61 diff +0.000
[05:43:29] g89: parent 61 plus 61 minus 61 diff +0.000
[05:43:29] replay 85->90: MATCH
[05:44:27] checkpoint 90: train=61/64 H3=87/128 H1=86/128 H2=94/128
[05:47:27] g90: parent 61 plus 59 minus 62 diff -0.047
[05:47:46] g91: parent 59 plus 59 minus 59 diff +0.000
[05:48:14] g92: parent 59 plus 60 minus 59 diff +0.016
[05:48:38] g93: parent 60 plus 61 minus 61 diff +0.000
[05:49:45] g94: parent 61 plus 62 minus 61 diff +0.016
[05:49:45] replay 90->95: MATCH
[05:50:36] checkpoint 95: train=62/64 H3=89/128 H1=86/128 H2=83/128
[05:50:56] g95: parent 62 plus 62 minus 62 diff +0.000
[05:51:15] g96: parent 62 plus 60 minus 62 diff -0.031
[05:51:34] g97: parent 60 plus 60 minus 61 diff -0.016
[05:51:53] g98: parent 60 plus 61 minus 60 diff +0.016
[05:52:56] g99: parent 61 plus 60 minus 62 diff -0.031
[05:52:57] replay 95->100: MATCH
[05:53:57] checkpoint 100: train=60/64 H3=89/128 H1=77/128 H2=88/128
[05:53:57] wrote artifacts/experiments/2026-10-07-learning-runtime/analysis-runB.json: {'S1': True, 'S2': False, 'S3': True, 'S4': False, 'S5': None, 'label': 'no evidence of learning in this experiment', 'note': 'complete run'}
