=== reference (the fast worker alone)
reference final weights 3577eadc3f22686a4a4f7fc1672fe9be255709676fdd701592b780616957e049
=== kill-worker
    TimeoutError: timed out after 600 s waiting for: the remote worker to hold a candidate [] {'scenario': 'kill-worker', 'ended_ok': False, 'same_final_weights_as_reference': True, 'passed': False}
=== pause-worker
    TimeoutError: timed out after 600 s waiting for: the remote worker to hold a candidate [] {'scenario': 'pause-worker', 'ended_ok': False, 'same_final_weights_as_reference': True, 'passed': False}
=== cut-link
    ok ['packets from anakonkai@10.10.10.2 dropped for 8 s', 'packets accepted again'] {'scenario': 'cut-link', 'ended_ok': True, 'same_final_weights_as_reference': True, 'passed': True}
=== kill-coordinator
    ok ['coordinator killed with 12 results committed', 'coordinator started again with --resume'] {'scenario': 'kill-coordinator', 'ended_ok': True, 'same_final_weights_as_reference': True, 'passed': True}
=== kill-coordinator-mid-update
    ok ['coordinator killed between the write-ahead record and the applied update (8 results committed)', 'coordinator started again with --resume'] {'scenario': 'kill-coordinator-mid-update', 'ended_ok': True, 'same_final_weights_as_reference': True, 'passed': True}
=== reference (the fast worker alone)
reference final weights 3577eadc3f22686a4a4f7fc1672fe9be255709676fdd701592b780616957e049
=== kill-worker
    ok ['remote worker killed while it held a candidate', 'remote worker started again'] {'scenario': 'kill-worker', 'ended_ok': True, 'same_final_weights_as_reference': True, 'passed': True}
=== pause-worker
    TimeoutError: timed out after 600 s waiting for: the remote worker to hold a candidate [] {'scenario': 'pause-worker', 'ended_ok': False, 'same_final_weights_as_reference': True, 'passed': False}
=== cut-link
    ok ['packets from anakonkai@10.10.10.2 dropped for 8 s', 'packets accepted again'] {'scenario': 'cut-link', 'ended_ok': True, 'same_final_weights_as_reference': True, 'passed': True}
=== kill-coordinator
    ok ['coordinator killed with 12 results committed', 'coordinator started again with --resume'] {'scenario': 'kill-coordinator', 'ended_ok': True, 'same_final_weights_as_reference': True, 'passed': True}
=== kill-coordinator-mid-update
    ok ['coordinator killed between the write-ahead record and the applied update (8 results committed)', 'coordinator started again with --resume'] {'scenario': 'kill-coordinator-mid-update', 'ended_ok': True, 'same_final_weights_as_reference': True, 'passed': True}
=== reference (the fast worker alone)
reference final weights 3577eadc3f22686a4a4f7fc1672fe9be255709676fdd701592b780616957e049
=== kill-worker
    ok ['remote worker killed while it held a candidate', 'remote worker started again'] {'scenario': 'kill-worker', 'ended_ok': True, 'same_final_weights_as_reference': True, 'passed': True}
=== pause-worker
    TimeoutError: timed out after 600 s waiting for: the remote worker to hold a candidate [] {'scenario': 'pause-worker', 'ended_ok': False, 'same_final_weights_as_reference': True, 'passed': False}
=== cut-link
    ok ['packets from anakonkai@10.10.10.2 dropped for 8 s', 'packets accepted again'] {'scenario': 'cut-link', 'ended_ok': True, 'same_final_weights_as_reference': True, 'passed': True}
=== kill-coordinator
    ok ['coordinator killed with 12 results committed', 'coordinator started again with --resume'] {'scenario': 'kill-coordinator', 'ended_ok': True, 'same_final_weights_as_reference': True, 'passed': True}
=== kill-coordinator-mid-update
    ok ['coordinator killed between the write-ahead record and the applied update (8 results committed)', 'coordinator started again with --resume'] {'scenario': 'kill-coordinator-mid-update', 'ended_ok': True, 'same_final_weights_as_reference': True, 'passed': True}
