Loading weights:   0%|          | 0/290 [00:00<?, ?it/s]Loading weights:  64%|██████▍   | 185/290 [00:00<00:00, 1842.15it/s]Loading weights: 100%|██████████| 290/290 [00:00<00:00, 1925.46it/s]
Traceback (most recent call last):
  File "/usr/lib/python3.14/urllib/request.py", line 1321, in do_open
    h.request(req.get_method(), req.selector, req.data, headers,
    ~~~~~~~~~^^^^^^^^^^^^^^^^^^^^^^^^^^^^^^^^^^^^^^^^^^^^^^^^^^^
              encode_chunked=req.has_header('Transfer-encoding'))
              ^^^^^^^^^^^^^^^^^^^^^^^^^^^^^^^^^^^^^^^^^^^^^^^^^^^
  File "/usr/lib/python3.14/http/client.py", line 1367, in request
    self._send_request(method, url, body, headers, encode_chunked)
    ~~~~~~~~~~~~~~~~~~^^^^^^^^^^^^^^^^^^^^^^^^^^^^^^^^^^^^^^^^^^^^
  File "/usr/lib/python3.14/http/client.py", line 1413, in _send_request
    self.endheaders(body, encode_chunked=encode_chunked)
    ~~~~~~~~~~~~~~~^^^^^^^^^^^^^^^^^^^^^^^^^^^^^^^^^^^^^
  File "/usr/lib/python3.14/http/client.py", line 1362, in endheaders
    self._send_output(message_body, encode_chunked=encode_chunked)
    ~~~~~~~~~~~~~~~~~^^^^^^^^^^^^^^^^^^^^^^^^^^^^^^^^^^^^^^^^^^^^^
  File "/usr/lib/python3.14/http/client.py", line 1122, in _send_output
    self.send(msg)
    ~~~~~~~~~^^^^^
  File "/usr/lib/python3.14/http/client.py", line 1066, in send
    self.connect()
    ~~~~~~~~~~~~^^
  File "/usr/lib/python3.14/http/client.py", line 1032, in connect
    self.sock = self._create_connection(
                ~~~~~~~~~~~~~~~~~~~~~~~^
        (self.host,self.port), self.timeout, self.source_address)
        ^^^^^^^^^^^^^^^^^^^^^^^^^^^^^^^^^^^^^^^^^^^^^^^^^^^^^^^^^
  File "/usr/lib/python3.14/socket.py", line 870, in create_connection
    raise exceptions[0]
  File "/usr/lib/python3.14/socket.py", line 855, in create_connection
    sock.connect(sa)
    ~~~~~~~~~~~~^^^^
TimeoutError: timed out

During handling of the above exception, another exception occurred:

Traceback (most recent call last):
  File "/home/anakonkai/projects/heteroes/hetero-es/src/heteroes/http_transport.py", line 316, in _exchange
    with self._opener.open(request, timeout=self._timeout) as response:
         ~~~~~~~~~~~~~~~~~^^^^^^^^^^^^^^^^^^^^^^^^^^^^^^^^
  File "/usr/lib/python3.14/urllib/request.py", line 487, in open
    response = self._open(req, data)
  File "/usr/lib/python3.14/urllib/request.py", line 504, in _open
    result = self._call_chain(self.handle_open, protocol, protocol +
                              '_open', req)
  File "/usr/lib/python3.14/urllib/request.py", line 464, in _call_chain
    result = func(*args)
  File "/usr/lib/python3.14/urllib/request.py", line 1350, in http_open
    return self.do_open(http.client.HTTPConnection, req)
           ~~~~~~~~~~~~^^^^^^^^^^^^^^^^^^^^^^^^^^^^^^^^^
  File "/usr/lib/python3.14/urllib/request.py", line 1324, in do_open
    raise URLError(err)
urllib.error.URLError: <urlopen error timed out>

The above exception was the direct cause of the following exception:

Traceback (most recent call last):
  File "/home/anakonkai/projects/heteroes/hetero-es/scripts/profile_worker.py", line 251, in <module>
    sys.exit(main(sys.argv[1:]))
             ~~~~^^^^^^^^^^^^^^
  File "/home/anakonkai/projects/heteroes/hetero-es/scripts/profile_worker.py", line 182, in main
    client.get_json("/v1/health")
    ~~~~~~~~~~~~~~~^^^^^^^^^^^^^^
  File "/home/anakonkai/projects/heteroes/hetero-es/src/heteroes/http_transport.py", line 349, in get_json
    return self._json(self._request("GET", path))
           ~~~~~~~~~~^^^^^^^^^^^^^^^^^^^^^^^^^^^^
  File "/home/anakonkai/projects/heteroes/hetero-es/src/heteroes/http_transport.py", line 324, in _json
    status, body = self._exchange(request)
                   ~~~~~~~~~~~~~~^^^^^^^^^
  File "/home/anakonkai/projects/heteroes/hetero-es/src/heteroes/http_transport.py", line 321, in _exchange
    raise TransportError(f"{request.get_method()} {request.full_url}: {error}") from error
heteroes.http_transport.TransportError: GET http://10.10.10.1:8766/v1/health: <urlopen error timed out>
