Loading weights:   0%|          | 0/290 [00:00<?, ?it/s]Loading weights: 100%|██████████| 290/290 [00:00<00:00, 7260.13it/s]
-1 {16: (9.3, 0), 32: (5.5, 0), 64: (4.3, 0)}
0 {16: (6.9, 0), 32: (4.3, 0), 64: (3.4, 0)}
1 {16: (8.8, 0), 32: (5.5, 0), 64: (4.3, 0)}
2 {16: (8.0, 0), 32: (5.1, 0), 64: (4.3, 0)}
3 {16: (7.8, 0), 32: (5.0, 0), 64: (4.3, 0)}
4 {16: (6.7, 0), 32: (4.7, 0), 64: (4.3, 0)}
5 {16: (4.7, 0), 32: (2.7, 0), 64: (2.4, 0)}
6 {16: (8.9, 0), 32: (5.5, 0), 64: (4.3, 0)}
7 {16: (7.3, 0), 32: (4.9, 0), 64: (3.8, 0)}
8 {16: (5.7, 0), 32: (3.5, 0), 64: (2.7, 0)}
9 {16: (5.8, 0), 32: (3.6, 0), 64: (3.3, 0)}
10 {16: (8.9, 0), 32: (5.5, 0), 64: (4.3, 0)}
11 {16: (8.8, 0), 32: (5.5, 0), 64: (4.3, 0)}
12 {16: (8.1, 0), 32: (5.1, 0), 64: (3.9, 0)}
13 {16: (5.7, 0), 32: (3.3, 0), 64: (2.6, 0)}
14 {16: (8.0, 0), 32: (5.5, 0), 64: (4.3, 0)}
15 {16: (7.5, 0), 32: (4.7, 0), 64: (4.3, 0)}
16 {16: (8.7, 0), 32: (5.5, 0), 64: (4.3, 0)}
17 {16: (8.8, 0), 32: (5.5, 0), 64: (4.3, 0)}
18 {16: (8.8, 0), 32: (5.5, 0), 64: (4.3, 0)}
19 {16: (7.5, 0), 32: (4.7, 0), 64: (4.0, 0)}
20 {16: (6.1, 0), 32: (3.7, 0), 64: (4.0, 0)}
21 {16: (5.5, 0), 32: (3.2, 0), 64: (2.4, 0)}
22 {16: (8.7, 0), 32: (5.5, 0), 64: (4.3, 0)}
23 {16: (8.5, 0), 32: (5.4, 0), 64: (4.3, 0)}
