Looking in indexes: https://pypi.org/simple, https://download.pytorch.org/whl/cu132
Collecting torch==2.13.0+cu132
  Downloading torch-2.13.0%2Bcu132-cp314-cp314-manylinux_2_28_x86_64.whl.metadata (38 kB)
Collecting numpy==2.5.3
  Downloading numpy-2.5.3-cp314-cp314-manylinux_2_27_x86_64.manylinux_2_28_x86_64.whl.metadata (6.6 kB)
Collecting transformers==5.17.0
  Downloading transformers-5.17.0-py3-none-any.whl.metadata (32 kB)
Collecting safetensors==0.8.0
  Downloading safetensors-0.8.0-cp310-abi3-manylinux_2_17_x86_64.manylinux2014_x86_64.whl.metadata (4.2 kB)
Collecting tokenizers==0.23.2
  Downloading tokenizers-0.23.2-cp310-abi3-manylinux_2_17_x86_64.manylinux2014_x86_64.whl.metadata (9.8 kB)
Collecting huggingface_hub==1.33.0
  Downloading huggingface_hub-1.33.0-py3-none-any.whl.metadata (16 kB)
Collecting accelerate==1.15.0
  Downloading accelerate-1.15.0-py3-none-any.whl.metadata (19 kB)
Collecting pytest==9.1.1
  Downloading pytest-9.1.1-py3-none-any.whl.metadata (7.6 kB)
Collecting hypothesis==6.168.5
  Downloading hypothesis-6.168.5-cp314-cp314-manylinux_2_17_x86_64.manylinux2014_x86_64.whl.metadata (5.7 kB)
Collecting simpy==4.1.2
  Downloading simpy-4.1.2-py3-none-any.whl.metadata (6.2 kB)
Collecting sortedcontainers==2.4.0
  Downloading sortedcontainers-2.4.0-py2.py3-none-any.whl.metadata (10 kB)
Collecting filelock (from torch==2.13.0+cu132)
  Downloading filelock-4.0.12-py3-none-any.whl.metadata (2.0 kB)
Collecting typing-extensions>=4.10.0 (from torch==2.13.0+cu132)
  Downloading typing_extensions-4.16.0-py3-none-any.whl.metadata (3.3 kB)
Collecting setuptools>=77.0.3 (from torch==2.13.0+cu132)
  Downloading setuptools-84.0.0-py3-none-any.whl.metadata (6.6 kB)
Collecting sympy>=1.13.3 (from torch==2.13.0+cu132)
  Downloading sympy-1.14.0-py3-none-any.whl.metadata (12 kB)
Collecting networkx>=2.5.1 (from torch==2.13.0+cu132)
  Downloading networkx-3.7-py3-none-any.whl.metadata (6.7 kB)
Collecting jinja2 (from torch==2.13.0+cu132)
  Downloading jinja2-3.1.6-py3-none-any.whl.metadata (2.9 kB)
Collecting fsspec>=0.8.5 (from torch==2.13.0+cu132)
  Downloading fsspec-2026.9.0-py3-none-any.whl.metadata (10 kB)
Collecting cuda-toolkit==13.2.1 (from cuda-toolkit[cublas,cudart,cufft,cufile,cupti,curand,cusolver,cusparse,nvjitlink,nvrtc,nvtx]==13.2.1; platform_system == "Linux"->torch==2.13.0+cu132)
  Downloading cuda_toolkit-13.2.1-py2.py3-none-any.whl (2.6 kB)
Collecting cuda-bindings<14,>=13.0.3 (from torch==2.13.0+cu132)
  Downloading cuda_bindings-13.4.3-cp314-cp314-manylinux_2_24_x86_64.manylinux_2_28_x86_64.whl.metadata (2.4 kB)
Collecting nvidia-cudnn-cu13==9.20.0.48 (from torch==2.13.0+cu132)
  Downloading nvidia_cudnn_cu13-9.20.0.48-py3-none-manylinux_2_27_x86_64.whl (366.2 MB)
     ━━━━━━━━━━━━━━━━━━━━━━━━━━━━━━━━━━━━━━━━ 366.2/366.2 MB 27.2 MB/s  0:00:13
Collecting nvidia-cusparselt-cu13==0.8.1 (from torch==2.13.0+cu132)
  Downloading nvidia_cusparselt_cu13-0.8.1-py3-none-manylinux2014_x86_64.whl (170.1 MB)
     ━━━━━━━━━━━━━━━━━━━━━━━━━━━━━━━━━━━━━━━━ 170.1/170.1 MB 25.0 MB/s  0:00:06
Collecting nvidia-nccl-cu13==2.29.7 (from torch==2.13.0+cu132)
  Downloading nvidia_nccl_cu13-2.29.7-py3-none-manylinux_2_18_x86_64.whl (206.0 MB)
     ━━━━━━━━━━━━━━━━━━━━━━━━━━━━━━━━━━━━━━━━ 206.0/206.0 MB 19.5 MB/s  0:00:10
Collecting nvidia-nvshmem-cu13==3.4.5 (from torch==2.13.0+cu132)
  Downloading nvidia_nvshmem_cu13-3.4.5-py3-none-manylinux2014_x86_64.manylinux_2_17_x86_64.whl (60.4 MB)
     ━━━━━━━━━━━━━━━━━━━━━━━━━━━━━━━━━━━━━━━━ 60.4/60.4 MB 24.3 MB/s  0:00:02
Collecting triton==3.7.1 (from torch==2.13.0+cu132)
  Downloading triton-3.7.1-cp314-cp314-manylinux_2_27_x86_64.manylinux_2_28_x86_64.whl.metadata (1.7 kB)
Collecting packaging>=20.0 (from transformers==5.17.0)
  Downloading packaging-26.3-py3-none-any.whl.metadata (3.5 kB)
Collecting pyyaml>=5.1 (from transformers==5.17.0)
  Downloading pyyaml-6.0.3-cp314-cp314-manylinux2014_x86_64.manylinux_2_17_x86_64.manylinux_2_28_x86_64.whl.metadata (2.4 kB)
Collecting regex>=2025.10.22 (from transformers==5.17.0)
  Downloading regex-2026.9.29-cp314-cp314-manylinux2014_x86_64.manylinux_2_17_x86_64.manylinux_2_28_x86_64.whl.metadata (40 kB)
Collecting typer (from transformers==5.17.0)
  Downloading typer-0.27.3-py3-none-any.whl.metadata (16 kB)
Collecting tqdm>=4.60 (from transformers==5.17.0)
  Downloading tqdm-4.70.1-py3-none-any.whl.metadata (57 kB)
Collecting click<9.0.0,>=8.4.2 (from huggingface_hub==1.33.0)
  Downloading click-8.5.0-py3-none-any.whl.metadata (2.6 kB)
Collecting hf-xet<2.0.0,>=1.6.0 (from huggingface_hub==1.33.0)
  Downloading hf_xet-1.7.0-cp38-abi3-manylinux2014_x86_64.manylinux_2_17_x86_64.whl.metadata (4.9 kB)
Collecting httpx<1,>=0.23.0 (from huggingface_hub==1.33.0)
  Downloading httpx-0.28.1-py3-none-any.whl.metadata (7.1 kB)
Collecting psutil (from accelerate==1.15.0)
  Downloading psutil-7.2.2-cp36-abi3-manylinux2010_x86_64.manylinux_2_12_x86_64.manylinux_2_28_x86_64.whl.metadata (22 kB)
Collecting iniconfig>=1.0.1 (from pytest==9.1.1)
  Downloading iniconfig-2.3.1-py3-none-any.whl.metadata (2.8 kB)
Collecting pluggy<2,>=1.5 (from pytest==9.1.1)
  Downloading pluggy-1.6.0-py3-none-any.whl.metadata (4.8 kB)
Collecting pygments>=2.7.2 (from pytest==9.1.1)
  Downloading pygments-2.21.0-py3-none-any.whl.metadata (2.5 kB)
Collecting nvidia-cublas==13.4.0.1.* (from cuda-toolkit[cublas,cudart,cufft,cufile,cupti,curand,cusolver,cusparse,nvjitlink,nvrtc,nvtx]==13.2.1; platform_system == "Linux"->torch==2.13.0+cu132)
  Downloading nvidia_cublas-13.4.0.1-py3-none-manylinux_2_27_x86_64.whl (404.9 MB)
     ━━━━━━━━━━━━━━━━━━━━━━━━━━━━━━━━━━━━━━━━ 404.9/404.9 MB 27.1 MB/s  0:00:15
Collecting nvidia-cuda-nvrtc==13.2.78.* (from cuda-toolkit[cublas,cudart,cufft,cufile,cupti,curand,cusolver,cusparse,nvjitlink,nvrtc,nvtx]==13.2.1; platform_system == "Linux"->torch==2.13.0+cu132)
  Downloading nvidia_cuda_nvrtc-13.2.78-py3-none-manylinux2010_x86_64.manylinux_2_12_x86_64.whl (47.0 MB)
     ━━━━━━━━━━━━━━━━━━━━━━━━━━━━━━━━━━━━━━━━ 47.0/47.0 MB 25.9 MB/s  0:00:01
Collecting nvidia-cuda-runtime==13.2.75.* (from cuda-toolkit[cublas,cudart,cufft,cufile,cupti,curand,cusolver,cusparse,nvjitlink,nvrtc,nvtx]==13.2.1; platform_system == "Linux"->torch==2.13.0+cu132)
  Downloading nvidia_cuda_runtime-13.2.75-py3-none-manylinux2014_x86_64.manylinux_2_17_x86_64.whl (2.3 MB)
     ━━━━━━━━━━━━━━━━━━━━━━━━━━━━━━━━━━━━━━━━ 2.3/2.3 MB 32.6 MB/s  0:00:00
Collecting nvidia-cufft==12.2.0.46.* (from cuda-toolkit[cublas,cudart,cufft,cufile,cupti,curand,cusolver,cusparse,nvjitlink,nvrtc,nvtx]==13.2.1; platform_system == "Linux"->torch==2.13.0+cu132)
  Downloading nvidia_cufft-12.2.0.46-py3-none-manylinux2014_x86_64.manylinux_2_17_x86_64.whl (218.3 MB)
     ━━━━━━━━━━━━━━━━━━━━━━━━━━━━━━━━━━━━━━━━ 218.3/218.3 MB 23.8 MB/s  0:00:09
Collecting nvidia-nvjitlink<14,>=13.2.78 (from cuda-toolkit[cublas,cudart,cufft,cufile,cupti,curand,cusolver,cusparse,nvjitlink,nvrtc,nvtx]==13.2.1; platform_system == "Linux"->torch==2.13.0+cu132)
  Downloading nvidia_nvjitlink-13.4.92-py3-none-manylinux2010_x86_64.manylinux_2_12_x86_64.whl.metadata (1.8 kB)
Collecting nvidia-cufile==1.17.1.22.* (from cuda-toolkit[cublas,cudart,cufft,cufile,cupti,curand,cusolver,cusparse,nvjitlink,nvrtc,nvtx]==13.2.1; platform_system == "Linux"->torch==2.13.0+cu132)
  Downloading nvidia_cufile-1.17.1.22-py3-none-manylinux_2_27_x86_64.whl (1.4 MB)
     ━━━━━━━━━━━━━━━━━━━━━━━━━━━━━━━━━━━━━━━━ 1.4/1.4 MB 29.0 MB/s  0:00:00
Collecting nvidia-cuda-cupti==13.2.75.* (from cuda-toolkit[cublas,cudart,cufft,cufile,cupti,curand,cusolver,cusparse,nvjitlink,nvrtc,nvtx]==13.2.1; platform_system == "Linux"->torch==2.13.0+cu132)
  Downloading nvidia_cuda_cupti-13.2.75-py3-none-manylinux_2_25_x86_64.whl (12.0 MB)
     ━━━━━━━━━━━━━━━━━━━━━━━━━━━━━━━━━━━━━━━━ 12.0/12.0 MB 25.7 MB/s  0:00:00
Collecting nvidia-curand==10.4.2.55.* (from cuda-toolkit[cublas,cudart,cufft,cufile,cupti,curand,cusolver,cusparse,nvjitlink,nvrtc,nvtx]==13.2.1; platform_system == "Linux"->torch==2.13.0+cu132)
  Downloading nvidia_curand-10.4.2.55-py3-none-manylinux_2_27_x86_64.whl (59.9 MB)
     ━━━━━━━━━━━━━━━━━━━━━━━━━━━━━━━━━━━━━━━━ 59.9/59.9 MB 28.4 MB/s  0:00:02
Collecting nvidia-cusolver==12.2.0.1.* (from cuda-toolkit[cublas,cudart,cufft,cufile,cupti,curand,cusolver,cusparse,nvjitlink,nvrtc,nvtx]==13.2.1; platform_system == "Linux"->torch==2.13.0+cu132)
  Downloading nvidia_cusolver-12.2.0.1-py3-none-manylinux_2_27_x86_64.whl (227.4 MB)
     ━━━━━━━━━━━━━━━━━━━━━━━━━━━━━━━━━━━━━━━━ 227.4/227.4 MB 26.0 MB/s  0:00:08
Collecting nvidia-cusparse==12.7.10.1.* (from cuda-toolkit[cublas,cudart,cufft,cufile,cupti,curand,cusolver,cusparse,nvjitlink,nvrtc,nvtx]==13.2.1; platform_system == "Linux"->torch==2.13.0+cu132)
  Downloading nvidia_cusparse-12.7.10.1-py3-none-manylinux2014_x86_64.manylinux_2_17_x86_64.whl (150.9 MB)
     ━━━━━━━━━━━━━━━━━━━━━━━━━━━━━━━━━━━━━━━━ 150.9/150.9 MB 28.4 MB/s  0:00:05
Collecting nvidia-nvtx==13.2.75.* (from cuda-toolkit[cublas,cudart,cufft,cufile,cupti,curand,cusolver,cusparse,nvjitlink,nvrtc,nvtx]==13.2.1; platform_system == "Linux"->torch==2.13.0+cu132)
  Downloading nvidia_nvtx-13.2.75-py3-none-manylinux1_x86_64.manylinux_2_5_x86_64.whl (153 kB)
Collecting cuda-pathfinder>=1.4.2 (from cuda-bindings<14,>=13.0.3->torch==2.13.0+cu132)
  Downloading cuda_pathfinder-1.8.3-py3-none-any.whl.metadata (1.9 kB)
Collecting anyio (from httpx<1,>=0.23.0->huggingface_hub==1.33.0)
  Downloading anyio-4.15.1-py3-none-any.whl.metadata (4.7 kB)
Collecting certifi (from httpx<1,>=0.23.0->huggingface_hub==1.33.0)
  Downloading certifi-2026.7.22-py3-none-any.whl.metadata (2.5 kB)
Collecting httpcore==1.* (from httpx<1,>=0.23.0->huggingface_hub==1.33.0)
  Downloading httpcore-1.0.9-py3-none-any.whl.metadata (21 kB)
Collecting idna (from httpx<1,>=0.23.0->huggingface_hub==1.33.0)
  Downloading idna-3.20-py3-none-any.whl.metadata (7.2 kB)
Collecting h11>=0.16 (from httpcore==1.*->httpx<1,>=0.23.0->huggingface_hub==1.33.0)
  Downloading h11-0.16.0-py3-none-any.whl.metadata (8.3 kB)
Collecting mpmath<1.4,>=1.1.0 (from sympy>=1.13.3->torch==2.13.0+cu132)
  Downloading mpmath-1.3.0-py3-none-any.whl.metadata (8.6 kB)
Collecting MarkupSafe>=2.0 (from jinja2->torch==2.13.0+cu132)
  Downloading markupsafe-3.0.4-cp314-cp314-manylinux2014_x86_64.manylinux_2_17_x86_64.manylinux_2_28_x86_64.whl.metadata (2.7 kB)
Collecting shellingham>=1.3.0 (from typer->transformers==5.17.0)
  Downloading shellingham-1.5.4-py2.py3-none-any.whl.metadata (3.5 kB)
Collecting rich>=13.8.0 (from typer->transformers==5.17.0)
  Downloading rich-15.0.0-py3-none-any.whl.metadata (18 kB)
Collecting annotated-doc>=0.0.2 (from typer->transformers==5.17.0)
  Downloading annotated_doc-0.0.5-py3-none-any.whl.metadata (6.5 kB)
Collecting markdown-it-py>=2.2.0 (from rich>=13.8.0->typer->transformers==5.17.0)
  Downloading markdown_it_py-4.2.0-py3-none-any.whl.metadata (7.4 kB)
Collecting mdurl~=0.1 (from markdown-it-py>=2.2.0->rich>=13.8.0->typer->transformers==5.17.0)
  Downloading mdurl-0.1.2-py3-none-any.whl.metadata (1.6 kB)
Downloading torch-2.13.0%2Bcu132-cp314-cp314-manylinux_2_28_x86_64.whl (530.3 MB)
   ━━━━━━━━━━━━━━━━━━━━━━━━━━━━━━━━━━━━━━━━ 530.3/530.3 MB 28.7 MB/s  0:00:18
Downloading numpy-2.5.3-cp314-cp314-manylinux_2_27_x86_64.manylinux_2_28_x86_64.whl (16.7 MB)
   ━━━━━━━━━━━━━━━━━━━━━━━━━━━━━━━━━━━━━━━━ 16.7/16.7 MB 15.9 MB/s  0:00:01
Downloading transformers-5.17.0-py3-none-any.whl (12.3 MB)
   ━━━━━━━━━━━━━━━━━━━━━━━━━━━━━━━━━━━━━━━━ 12.3/12.3 MB 7.1 MB/s  0:00:01
Downloading tokenizers-0.23.2-cp310-abi3-manylinux_2_17_x86_64.manylinux2014_x86_64.whl (3.4 MB)
   ━━━━━━━━━━━━━━━━━━━━━━━━━━━━━━━━━━━━━━━━ 3.4/3.4 MB 13.5 MB/s  0:00:00
Downloading huggingface_hub-1.33.0-py3-none-any.whl (846 kB)
   ━━━━━━━━━━━━━━━━━━━━━━━━━━━━━━━━━━━━━━━━ 846.4/846.4 kB 15.0 MB/s  0:00:00
Downloading safetensors-0.8.0-cp310-abi3-manylinux_2_17_x86_64.manylinux2014_x86_64.whl (516 kB)
Downloading accelerate-1.15.0-py3-none-any.whl (394 kB)
Downloading pytest-9.1.1-py3-none-any.whl (386 kB)
Downloading hypothesis-6.168.5-cp314-cp314-manylinux_2_17_x86_64.manylinux2014_x86_64.whl (1.2 MB)
   ━━━━━━━━━━━━━━━━━━━━━━━━━━━━━━━━━━━━━━━━ 1.2/1.2 MB 18.1 MB/s  0:00:00
Downloading sortedcontainers-2.4.0-py2.py3-none-any.whl (29 kB)
Downloading simpy-4.1.2-py3-none-any.whl (27 kB)
Downloading triton-3.7.1-cp314-cp314-manylinux_2_27_x86_64.manylinux_2_28_x86_64.whl (197.2 MB)
   ━━━━━━━━━━━━━━━━━━━━━━━━━━━━━━━━━━━━━━━━ 197.2/197.2 MB 28.2 MB/s  0:00:06
Downloading click-8.5.0-py3-none-any.whl (125 kB)
Downloading cuda_bindings-13.4.3-cp314-cp314-manylinux_2_24_x86_64.manylinux_2_28_x86_64.whl (7.0 MB)
   ━━━━━━━━━━━━━━━━━━━━━━━━━━━━━━━━━━━━━━━━ 7.0/7.0 MB 4.1 MB/s  0:00:01
Downloading hf_xet-1.7.0-cp38-abi3-manylinux2014_x86_64.manylinux_2_17_x86_64.whl (4.2 MB)
   ━━━━━━━━━━━━━━━━━━━━━━━━━━━━━━━━━━━━━━━━ 4.2/4.2 MB 1.3 MB/s  0:00:03
Downloading httpx-0.28.1-py3-none-any.whl (73 kB)
Downloading httpcore-1.0.9-py3-none-any.whl (78 kB)
Downloading nvidia_nvjitlink-13.4.92-py3-none-manylinux2010_x86_64.manylinux_2_12_x86_64.whl (42.5 MB)
   ━━━━━━━━━━━━━━━━━━━━━━━━━━━━━━━━━━━━━━━━ 42.5/42.5 MB 1.4 MB/s  0:00:35
Downloading pluggy-1.6.0-py3-none-any.whl (20 kB)
Downloading cuda_pathfinder-1.8.3-py3-none-any.whl (62 kB)
Downloading filelock-4.0.12-py3-none-any.whl (111 kB)
Downloading fsspec-2026.9.0-py3-none-any.whl (221 kB)
Downloading h11-0.16.0-py3-none-any.whl (37 kB)
Downloading iniconfig-2.3.1-py3-none-any.whl (7.6 kB)
Downloading networkx-3.7-py3-none-any.whl (2.1 MB)
   ━━━━━━━━━━━━━━━━━━━━━━━━━━━━━━━━━━━━━━━━ 2.1/2.1 MB 5.9 MB/s  0:00:00
Downloading packaging-26.3-py3-none-any.whl (129 kB)
Downloading pygments-2.21.0-py3-none-any.whl (1.3 MB)
   ━━━━━━━━━━━━━━━━━━━━━━━━━━━━━━━━━━━━━━━━ 1.3/1.3 MB 5.0 MB/s  0:00:00
Downloading pyyaml-6.0.3-cp314-cp314-manylinux2014_x86_64.manylinux_2_17_x86_64.manylinux_2_28_x86_64.whl (794 kB)
   ━━━━━━━━━━━━━━━━━━━━━━━━━━━━━━━━━━━━━━━━ 794.2/794.2 kB 4.5 MB/s  0:00:00
Downloading regex-2026.9.29-cp314-cp314-manylinux2014_x86_64.manylinux_2_17_x86_64.manylinux_2_28_x86_64.whl (807 kB)
   ━━━━━━━━━━━━━━━━━━━━━━━━━━━━━━━━━━━━━━━━ 807.2/807.2 kB 4.7 MB/s  0:00:00
Downloading setuptools-84.0.0-py3-none-any.whl (818 kB)
   ━━━━━━━━━━━━━━━━━━━━━━━━━━━━━━━━━━━━━━━━ 818.2/818.2 kB 5.3 MB/s  0:00:00
Downloading sympy-1.14.0-py3-none-any.whl (6.3 MB)
   ━━━━━━━━━━━━━━━━━━━━━━━━━━━━━━━━━━━━━━━━ 6.3/6.3 MB 6.2 MB/s  0:00:01
Downloading mpmath-1.3.0-py3-none-any.whl (536 kB)
   ━━━━━━━━━━━━━━━━━━━━━━━━━━━━━━━━━━━━━━━━ 536.2/536.2 kB 4.8 MB/s  0:00:00
Downloading tqdm-4.70.1-py3-none-any.whl (80 kB)
Downloading typing_extensions-4.16.0-py3-none-any.whl (45 kB)
Downloading anyio-4.15.1-py3-none-any.whl (132 kB)
Downloading idna-3.20-py3-none-any.whl (69 kB)
Downloading certifi-2026.7.22-py3-none-any.whl (136 kB)
Downloading jinja2-3.1.6-py3-none-any.whl (134 kB)
Downloading markupsafe-3.0.4-cp314-cp314-manylinux2014_x86_64.manylinux_2_17_x86_64.manylinux_2_28_x86_64.whl (23 kB)
Downloading psutil-7.2.2-cp36-abi3-manylinux2010_x86_64.manylinux_2_12_x86_64.manylinux_2_28_x86_64.whl (155 kB)
Downloading typer-0.27.3-py3-none-any.whl (123 kB)
Downloading annotated_doc-0.0.5-py3-none-any.whl (5.3 kB)
Downloading rich-15.0.0-py3-none-any.whl (310 kB)
Downloading markdown_it_py-4.2.0-py3-none-any.whl (91 kB)
Downloading mdurl-0.1.2-py3-none-any.whl (10.0 kB)
Downloading shellingham-1.5.4-py2.py3-none-any.whl (9.8 kB)
Installing collected packages: sortedcontainers, nvidia-cusparselt-cu13, mpmath, cuda-toolkit, typing-extensions, triton, tqdm, sympy, simpy, shellingham, setuptools, safetensors, regex, pyyaml, pygments, psutil, pluggy, packaging, nvidia-nvtx, nvidia-nvshmem-cu13, nvidia-nvjitlink, nvidia-nccl-cu13, nvidia-curand, nvidia-cufile, nvidia-cuda-runtime, nvidia-cuda-nvrtc, nvidia-cuda-cupti, numpy, networkx, mdurl, MarkupSafe, iniconfig, idna, hypothesis, hf-xet, h11, fsspec, filelock, cuda-pathfinder, click, certifi, annotated-doc, pytest, nvidia-cusparse, nvidia-cufft, nvidia-cublas, markdown-it-py, jinja2, httpcore, cuda-bindings, anyio, rich, nvidia-cusolver, nvidia-cudnn-cu13, httpx, typer, huggingface_hub, torch, tokenizers, transformers, accelerate

Successfully installed MarkupSafe-3.0.4 accelerate-1.15.0 annotated-doc-0.0.5 anyio-4.15.1 certifi-2026.7.22 click-8.5.0 cuda-bindings-13.4.3 cuda-pathfinder-1.8.3 cuda-toolkit-13.2.1 filelock-4.0.12 fsspec-2026.9.0 h11-0.16.0 hf-xet-1.7.0 httpcore-1.0.9 httpx-0.28.1 huggingface_hub-1.33.0 hypothesis-6.168.5 idna-3.20 iniconfig-2.3.1 jinja2-3.1.6 markdown-it-py-4.2.0 mdurl-0.1.2 mpmath-1.3.0 networkx-3.7 numpy-2.5.3 nvidia-cublas-13.4.0.1 nvidia-cuda-cupti-13.2.75 nvidia-cuda-nvrtc-13.2.78 nvidia-cuda-runtime-13.2.75 nvidia-cudnn-cu13-9.20.0.48 nvidia-cufft-12.2.0.46 nvidia-cufile-1.17.1.22 nvidia-curand-10.4.2.55 nvidia-cusolver-12.2.0.1 nvidia-cusparse-12.7.10.1 nvidia-cusparselt-cu13-0.8.1 nvidia-nccl-cu13-2.29.7 nvidia-nvjitlink-13.4.92 nvidia-nvshmem-cu13-3.4.5 nvidia-nvtx-13.2.75 packaging-26.3 pluggy-1.6.0 psutil-7.2.2 pygments-2.21.0 pytest-9.1.1 pyyaml-6.0.3 regex-2026.9.29 rich-15.0.0 safetensors-0.8.0 setuptools-84.0.0 shellingham-1.5.4 simpy-4.1.2 sortedcontainers-2.4.0 sympy-1.14.0 tokenizers-0.23.2 torch-2.13.0+cu132 tqdm-4.70.1 transformers-5.17.0 triton-3.7.1 typer-0.27.3 typing-extensions-4.16.0
